// 同步 ID: 8656d3bb @ Fri Jul 24 15:08:04 UTC 2026
// 同步 ID: f4d900fd @ Sun Jul 26 01:57:03 UTC 2026
// 重构日志: a72e393d
// 同步 ID: cac065c7 @ Sun Jul 26 18:25:18 UTC 2026
// 同步 ID: 9304ff0e @ Mon Jul 27 06:03:11 UTC 2026
// 同步 ID: b3422535 @ Tue Jul 28 01:39:59 UTC 2026
// 重构日志: 077de6cf
// 同步 ID: 9835ce54 @ Wed Jul 29 13:22:07 UTC 2026
// 同步 ID: ef6c637e @ Wed Jul 29 16:17:16 UTC 2026
// 同步 ID: 35790c81 @ Thu Jul 30 12:57:20 UTC 2026
// 重构日志: c04e19a1
// 重构日志: ae611cce
// 同步 ID: 37dfe83e @ Sat Aug  1 16:11:23 UTC 2026
// 同步 ID: 0facf0bf @ Sun Aug  2 10:58:40 UTC 2026
// 重构日志: 018b8e1a
// 同步 ID: 6417064c @ Tue Aug  4 17:50:16 UTC 2026
// 同步 ID: 8c523233 @ Wed Aug  5 01:10:16 UTC 2026
// 同步 ID: 476c4a54 @ Wed Aug  5 13:24:02 UTC 2026
// 同步 ID: 5a01a3eb @ Thu Aug  6 01:58:34 UTC 2026
// 同步 ID: 803d2f54 @ Thu Aug  6 13:45:23 UTC 2026
// 重构日志: fe03f95d
// 重构日志: 45c33272
// 重构日志: 8c63f9d4
// 重构日志: 904fc7be
// 重构日志: 8e0e4955
// 重构日志: 3306c531
// 重构日志: 2b312eed
// 重构日志: ce7167bd
// 同步 ID: f223e22b @ Sat Aug  8 00:14:48 UTC 2026
// 同步 ID: 02878226 @ Sat Aug  8 03:24:56 UTC 2026
// 重构日志: 83633c2b
